test_actual_runner_mock_complete_budget_restore (__main__.TuningTest) ... ok
test_actual_runner_mock_first_failure_stops_and_restores (__main__.TuningTest) ... ok
test_all_esta_gains_reconstruct (__main__.TuningTest) ... ok
test_budget_complete_balanced (__main__.TuningTest) ... ok
test_disjoint_seeds (__main__.TuningTest) ... ok
test_equal_rule_selects_both_without_superiority_requirement (__main__.TuningTest) ... ok
test_fixed_score (__main__.TuningTest) ... ok
test_formal_and_pilot_execution_rejected (__main__.TuningTest) ... ok
test_horizontal_only_candidate_scope (__main__.TuningTest) ... ok
test_invalid_score_rejected (__main__.TuningTest) ... ok
test_missing_authority_rejected (__main__.TuningTest) ... ok
test_missing_failed_duplicate_reordered_rejected (__main__.TuningTest) ... ok
test_original_production_and_launcher_unchanged (__main__.TuningTest) ... ok
test_release_corrupt_archive_keeps_source (__main__.TuningTest) ... ok
test_release_extra_source_and_old_receipt_rejected (__main__.TuningTest) ... ok
test_release_preserves_durable_bytes (__main__.TuningTest) ... ok
test_tie_lower_index (__main__.TuningTest) ... ok
test_validation_exact_budget_and_no_reselection (__main__.TuningTest) ... ok
test_wrong_gain_old_nu_commit_and_axis_rejected (__main__.TuningTest) ... ok

----------------------------------------------------------------------
Ran 19 tests in 5.237s

OK
