Running main() from /home/yr/Desktop/Codev-autopilot/build/px4_sitl_test/googletest-src/googletest/src/gtest_main.cc
[==========] Running 2 tests from 1 test suite.
[----------] Global test environment set-up.
[----------] 2 tests from TakeoffTest
[ RUN      ] TakeoffTest.Initialization
[       OK ] TakeoffTest.Initialization (0 ms)
[ RUN      ] TakeoffTest.RegularTakeoffRamp
/home/yr/Desktop/Codev-autopilot/src/modules/mc_pos_control/Takeoff/TakeoffTest.cpp:70: Failure
Expected equality of these values:
  takeoff.updateRamp(.5f, 1.5f)
    Which is: 0.375
  0.f
    Which is: 0
/home/yr/Desktop/Codev-autopilot/src/modules/mc_pos_control/Takeoff/TakeoffTest.cpp:71: Failure
Expected equality of these values:
  takeoff.updateRamp(.5f, 1.5f)
    Which is: 0.75
  .5f
    Which is: 0.5
/home/yr/Desktop/Codev-autopilot/src/modules/mc_pos_control/Takeoff/TakeoffTest.cpp:72: Failure
Expected equality of these values:
  takeoff.updateRamp(.5f, 1.5f)
    Which is: 1.125
  1.f
    Which is: 1
[  FAILED  ] TakeoffTest.RegularTakeoffRamp (0 ms)
[----------] 2 tests from TakeoffTest (0 ms total)

[----------] Global test environment tear-down
[==========] 2 tests from 1 test suite ran. (0 ms total)
[  PASSED  ] 1 test.
[  FAILED  ] 1 test, listed below:
[  FAILED  ] TakeoffTest.RegularTakeoffRamp

 1 FAILED TEST
