test_actual_perf_name_and_count_delta (test_audit_v00_results.ResultsAuditTest) ... ok
test_all_motor_axis_and_thrust_flags (test_audit_v00_results.ResultsAuditTest) ... ok
test_bad_shapes_rejected (test_audit_v00_results.ResultsAuditTest) ... ok
test_invalid_feedback_not_zero_saturation_claim (test_audit_v00_results.ResultsAuditTest) ... ok
test_invalid_perf_rejected (test_audit_v00_results.ResultsAuditTest) ... ok
test_valid_bit_alone_not_saturation (test_audit_v00_results.ResultsAuditTest) ... ok
test_bad_length_and_terminator (test_capture_v00.CaptureTest) ... ok
test_duplicate_or_unsupported_field (test_capture_v00.CaptureTest) ... ok
test_empty (test_capture_v00.CaptureTest) ... ok
test_scalar_types (test_capture_v00.CaptureTest) ... ok
test_trailing_old_document_not_consumed (test_capture_v00.CaptureTest) ... ok
test_truncated_scalar (test_capture_v00.CaptureTest) ... ok
test_absent_or_stale_match_rejected (test_run_v00.RunnerTest) ... ok
test_armed_measurement_gate (test_run_v00.RunnerTest) ... ok
test_bson_roundtrip (test_run_v00.RunnerTest) ... ok
test_invalid_metric_rejected (test_run_v00.RunnerTest) ... ok
test_missing_or_wrong_parameters_rejected (test_run_v00.RunnerTest) ... ok
test_parameter_display_rounding (test_run_v00.RunnerTest) ... ok
test_parameter_parser (test_run_v00.RunnerTest) ... ok
test_pid_gate_and_reject_each_bad_field (test_run_v00.RunnerTest) ... ok
test_preceding_not_future_match (test_run_v00.RunnerTest) ... ok
test_weighted_rmse_decomposition (test_run_v00.RunnerTest) ... ok
test_complete_pid_log (test_v01.SelectionLogTest) ... ok
test_disabled_does_not_claim_update (test_v01.SelectionLogTest) ... ok
test_missing_sequence_and_bad_time (test_v01.SelectionLogTest) ... ok
test_no_flight_or_double_update_rejected (test_v01.SelectionLogTest) ... ok
test_short_log_rejected (test_v01.SelectionLogTest) ... ok
test_wrong_requested_effective_pending_reject (test_v01.SelectionLogTest) ... ok
test_claimed_valid_but_really_stale_inner (test_v03.DiagnosticTest) ... ok
test_complete (test_v03.DiagnosticTest) ... ok
test_downstream_coverage_failure (test_v03.DiagnosticTest) ... ok
test_downstream_partial_exact_match (test_v03.DiagnosticTest) ... ok
test_fault_invalid_duplicate_call (test_v03.DiagnosticTest) ... ok
test_missing_sample (test_v03.DiagnosticTest) ... ok
test_missing_window_edge (test_v03.DiagnosticTest) ... ok
test_partial_window (test_v03.DiagnosticTest) ... ok
test_proxy_and_constraint_bound (test_v03.DiagnosticTest) ... ok
test_timestamp_and_actual_dt (test_v03.DiagnosticTest) ... ok
test_unbounded_inner_drain (test_v03.DiagnosticTest) ... ok
test_wrong_command_state_and_fake_sta (test_v03.DiagnosticTest) ... ok
test_wrong_modes_inner_rejected (test_v03.DiagnosticTest) ... ok
test_actual_world_without_console_world (test_world_v00.WorldTest) ... ok
test_correct_environment_cannot_hide_wrong_argv (test_world_v00.WorldTest) ... ok
test_launcher_session_leader_required (test_world_v00.WorldTest) ... ok
test_live_proc_reader_without_simulator (test_world_v00.WorldTest) ... ok
test_missing_or_multiple_servers_rejected (test_world_v00.WorldTest) ... ok
test_missing_wrong_or_relative_world_argv (test_world_v00.WorldTest) ... ok
test_unrelated_session_rejected (test_world_v00.WorldTest) ... ok
test_wrong_environment_or_master_rejected (test_world_v00.WorldTest) ... ok
test_wrong_process_name_rejected (test_world_v00.WorldTest) ... ok

----------------------------------------------------------------------
Ran 50 tests in 0.094s

OK
