test_actual_perf_name_and_count_delta (test_audit_v00_results.ResultsAuditTest) ... ok
test_all_motor_axis_and_thrust_flags (test_audit_v00_results.ResultsAuditTest) ... ok
test_bad_shapes_rejected (test_audit_v00_results.ResultsAuditTest) ... ok
test_invalid_feedback_not_zero_saturation_claim (test_audit_v00_results.ResultsAuditTest) ... ok
test_invalid_perf_rejected (test_audit_v00_results.ResultsAuditTest) ... ok
test_valid_bit_alone_not_saturation (test_audit_v00_results.ResultsAuditTest) ... ok
test_bad_length_and_terminator (test_capture_v00.CaptureTest) ... ok
test_duplicate_or_unsupported_field (test_capture_v00.CaptureTest) ... ok
test_empty (test_capture_v00.CaptureTest) ... ok
test_scalar_types (test_capture_v00.CaptureTest) ... ok
test_trailing_old_document_not_consumed (test_capture_v00.CaptureTest) ... ok
test_truncated_scalar (test_capture_v00.CaptureTest) ... ok
test_absent_or_stale_match_rejected (test_run_v00.RunnerTest) ... ok
test_armed_measurement_gate (test_run_v00.RunnerTest) ... ok
test_bson_roundtrip (test_run_v00.RunnerTest) ... ok
test_invalid_metric_rejected (test_run_v00.RunnerTest) ... ok
test_missing_or_wrong_parameters_rejected (test_run_v00.RunnerTest) ... ok
test_parameter_display_rounding (test_run_v00.RunnerTest) ... ok
test_parameter_parser (test_run_v00.RunnerTest) ... ok
test_pid_gate_and_reject_each_bad_field (test_run_v00.RunnerTest) ... ok
test_preceding_not_future_match (test_run_v00.RunnerTest) ... ok
test_weighted_rmse_decomposition (test_run_v00.RunnerTest) ... ok
test_complete_pid_log (test_v01.SelectionLogTest) ... ok
test_disabled_does_not_claim_update (test_v01.SelectionLogTest) ... ok
test_missing_sequence_and_bad_time (test_v01.SelectionLogTest) ... ok
test_no_flight_or_double_update_rejected (test_v01.SelectionLogTest) ... ok
test_short_log_rejected (test_v01.SelectionLogTest) ... ok
test_wrong_requested_effective_pending_reject (test_v01.SelectionLogTest) ... ok
test_claimed_valid_but_really_stale_inner (test_v03.DiagnosticTest) ... ok
test_complete (test_v03.DiagnosticTest) ... ok
test_downstream_coverage_failure (test_v03.DiagnosticTest) ... ok
test_downstream_partial_exact_match (test_v03.DiagnosticTest) ... ok
test_fault_invalid_duplicate_call (test_v03.DiagnosticTest) ... ok
test_missing_sample (test_v03.DiagnosticTest) ... ok
test_missing_window_edge (test_v03.DiagnosticTest) ... ok
test_partial_window (test_v03.DiagnosticTest) ... ok
test_proxy_and_constraint_bound (test_v03.DiagnosticTest) ... ok
test_timestamp_and_actual_dt (test_v03.DiagnosticTest) ... ok
test_unbounded_inner_drain (test_v03.DiagnosticTest) ... ok
test_wrong_command_state_and_fake_sta (test_v03.DiagnosticTest) ... ok
test_wrong_modes_inner_rejected (test_v03.DiagnosticTest) ... ok
test_entry_selects_same_new_protocol_for_runner_and_analysis (test_v03_resume02.ResumeProtocolTest) ... ok
test_only_authorization_and_provenance_change (test_v03_resume02.ResumeProtocolTest) ... ok
test_pair_noncommand_axis_and_near_zero_rule (test_v04.V04AnalysisTest) ... ok
test_pid_and_esta_windows (test_v04.V04AnalysisTest) ... ok
test_stale_or_fake_candidate_rejected (test_v04.V04AnalysisTest) ... ok
test_time_missing_and_boundary_rejected (test_v04.V04AnalysisTest) ... ok
test_wrong_algorithm_axis_inner_and_lifecycle (test_v04.V04AnalysisTest) ... ok
test_archived_cli_failure_fixed_without_mutating_reference (test_v04_cli_reference.CliReferenceTest) ... ok
test_counters_and_reference_timestamp_remain_exact (test_v04_cli_reference.CliReferenceTest) ... ok
test_generated_printer_contract (test_v04_cli_reference.CliReferenceTest) ... ok
test_height_entry_uses_cli_semantics_not_old_comparison (test_v04_cli_reference.CliReferenceTest) ... ok
test_missing_nonfinite_raw_and_cli_rejected (test_v04_cli_reference.CliReferenceTest) ... ok
test_missing_raw_sample_or_field_still_rejected (test_v04_cli_reference.CliReferenceTest) ... ok
test_one_printed_unit_change_is_rejected (test_v04_cli_reference.CliReferenceTest) ... ok
test_raw_sub_print_resolution_changes_never_accepted (test_v04_cli_reference.CliReferenceTest) ... ok
test_real_monitor_reaches_raw_gate_and_does_not_freeze_yaw (test_v04_cli_reference.CliReferenceTest) ... ok
test_signed_boundaries_and_neighboring_values_match_libc (test_v04_cli_reference.CliReferenceTest) ... ok
test_capture_preserves_reference_and_target_not_actual_position (test_v04_handoff06.Handoff06Test) ... ok
test_chain_rejects_corrupt_provenance_wire_and_missing_artifacts (test_v04_handoff06.Handoff06Test) ... ok
test_chain_rejects_downstream_nan_wrong_xy_or_missing_window (test_v04_handoff06.Handoff06Test) ... ok
test_chain_rejects_reset_after_handoff_or_excitation_outside_window (test_v04_handoff06.Handoff06Test) ... ok
test_chain_rejects_sub_cli_precision_raw_target_drift (test_v04_handoff06.Handoff06Test) ... ok
test_chain_rejects_wrong_or_duplicate_logged_command_and_ack (test_v04_handoff06.Handoff06Test) ... ok
test_cpp_real_ecl_projection_and_mavlink_codecs (test_v04_handoff06.Handoff06Test) ... ok
test_flight_entry_is_hard_disabled_before_any_side_effect (test_v04_handoff06.Handoff06Test) ... ok
test_full_pending_ack_target_join_and_single_send (test_v04_handoff06.Handoff06Test) ... ok
test_full_synthetic_handoff_height_observation_and_landing (test_v04_handoff06.Handoff06Test) ... ok
test_late_success_future_ack_and_midpoll_clock_rollback_reject (test_v04_handoff06.Handoff06Test) ... ok
test_local_xy_online_gate_and_command_configuration_not_flight_authority (test_v04_handoff06.Handoff06Test) ... ok
test_missing_half_xy_nonfinite_or_outside_target_rejected (test_v04_handoff06.Handoff06Test) ... ok
test_mixed_z_velocity_legal_but_missing_all_vertical_invalid (test_v04_handoff06.Handoff06Test) ... ok
test_no_heading_gate_source_future_stale_and_target_stale_reject (test_v04_handoff06.Handoff06Test) ... ok
test_original_failed_run_remains_failed_in_new_analyzer (test_v04_handoff06.Handoff06Test) ... ok
test_projection_domain_nonfinite_and_cardinal_directions (test_v04_handoff06.Handoff06Test) ... ok
test_real_posctl_invalid_triplet_no_longer_used_as_source (test_v04_handoff06.Handoff06Test) ... ok
test_real_replay_wire_is_int_not_float_coordinates (test_v04_handoff06.Handoff06Test) ... ok
test_reference_changes_and_posctl_exit_never_allowed (test_v04_handoff06.Handoff06Test) ... ok
test_rejected_duplicate_ack_and_backward_clock (test_v04_handoff06.Handoff06Test) ... ok
test_send_failure_is_recorded_before_io_and_not_retried (test_v04_handoff06.Handoff06Test) ... ok
test_stale_foreign_ack_does_not_accept_and_timeout_latches (test_v04_handoff06.Handoff06Test) ... ok
test_target_first_ack_later_and_stale_triplet_pending (test_v04_handoff06.Handoff06Test) ... ok
test_target_loss_after_acceptance_and_cli_precision (test_v04_handoff06.Handoff06Test) ... ok
test_all_boolean_prerequisites_mandatory (test_v04_heading_policy.HeadingPolicyTest) ... ok
test_freeze_post_alignment_value_no_double_delta (test_v04_heading_policy.HeadingPolicyTest) ... ok
test_later_phase_repeat_and_landing_always_rejected (test_v04_heading_policy.HeadingPolicyTest) ... ok
test_missing_data_not_defaulted_valid (test_v04_heading_policy.HeadingPolicyTest) ... ok
test_nonfinite_overlimit_and_wrong_time (test_v04_heading_policy.HeadingPolicyTest) ... ok
test_positive_negative_zero_and_exact_cap (test_v04_heading_policy.HeadingPolicyTest) ... ok
test_protocol_not_executable_and_numerical_gates_unchanged (test_v04_heading_policy.HeadingPolicyTest) ... ok
test_refreeze_unconfirmed_unquiet_stale_and_large_step (test_v04_heading_policy.HeadingPolicyTest) ... ok
test_uint8_single_wrap_but_not_skipped_counters (test_v04_heading_policy.HeadingPolicyTest) ... ok
test_wrong_quaternion_or_missing_sequence (test_v04_heading_policy.HeadingPolicyTest) ... ok
test_design_is_not_flight_authorization (test_v04_protocol02.Protocol02Test) ... ok
test_entry_precedes_unchanged_excitation (test_v04_protocol02.Protocol02Test) ... ok
test_first_failure_never_hidden (test_v04_protocol02.Protocol02Test) ... ok
test_height_transform_float32_roundtrip (test_v04_protocol02.Protocol02Test) ... ok
test_historical_gains_and_limits_unchanged (test_v04_protocol02.Protocol02Test) ... ok
test_inner_pid_and_default_lifecycle (test_v04_protocol02.Protocol02Test) ... ok
test_invalid_height_reference_rejected (test_v04_protocol02.Protocol02Test) ... ok
test_observation_and_logger_thresholds_not_relaxed (test_v04_protocol02.Protocol02Test) ... ok
test_old_failed_height_still_rejected (test_v04_protocol02.Protocol02Test) ... ok
test_paired_pid_first_order (test_v04_protocol02.Protocol02Test) ... ok
test_single_navigation_command_and_no_resend (test_v04_protocol02.Protocol02Test) ... ok
test_six_new_attempts_no_old_budget (test_v04_protocol02.Protocol02Test) ... ok
test_ack_identity_time_and_rejection (test_v04_protocol03.Protocol03Test) ... ok
test_batch_first_failure_stops_without_retry (test_v04_protocol03.Protocol03Test) ... ok
test_batch_six_only_and_exact_parameter_restore (test_v04_protocol03.Protocol03Test) ... ok
test_command_units_and_finite_reference (test_v04_protocol03.Protocol03Test) ... ok
test_default_dryrun_has_no_side_effects (test_v04_protocol03.Protocol03Test) ... ok
test_early_exit_clock_fault_and_restart_reject (test_v04_protocol03.Protocol03Test) ... ok
test_entry_contiguous_three_seconds (test_v04_protocol03.Protocol03Test) ... ok
test_entry_reset_gap_and_deadline (test_v04_protocol03.Protocol03Test) ... ok
test_first_failure_retry_missing_mask_reject (test_v04_protocol03.Protocol03Test) ... ok
test_first_input_nan_channels_valid (test_v04_protocol03.Protocol03Test) ... ok
test_generated_nested_print_parse (test_v04_protocol03.Protocol03Test) ... ok
test_height_gate_and_disabled_targets (test_v04_protocol03.Protocol03Test) ... ok
test_logged_landing_phase (test_v04_protocol03.Protocol03Test) ... ok
test_new_protocol_budget_and_unchanged_gates (test_v04_protocol03.Protocol03Test) ... ok
test_offline_height_and_complete_window (test_v04_protocol03.Protocol03Test) ... ok
test_offline_height_rejects_missing_and_wrong_evidence (test_v04_protocol03.Protocol03Test) ... ok
test_only_planned_landing_exact_gate_allowed (test_v04_protocol03.Protocol03Test) ... ok
test_real_production_excitation_trace (test_v04_protocol03.Protocol03Test) ... ok
test_reset_and_reference_changes_reject (test_v04_protocol03.Protocol03Test) ... ok
test_batch_first_failure_stops_without_retry (test_v04_protocol04.Protocol04Test) ... ok
test_binary_partial_tail_and_incremental_decoder (test_v04_protocol04.Protocol04Test) ... ok
test_coordinate_counters_never_rebased (test_v04_protocol04.Protocol04Test) ... ok
test_counter_jump_and_quaternion_disagreement (test_v04_protocol04.Protocol04Test) ... ok
test_disabled_numerical_core_enforces_zero_calls_without_zero_fill (test_v04_protocol04.Protocol04Test) ... ok
test_dryrun_and_missing_authorization_have_no_side_effects (test_v04_protocol04.Protocol04Test) ... ok
test_environment_setup_failure_closes_link_without_launch (test_v04_protocol04.Protocol04Test) ... ok
test_event_only_old_snapshot_allowed_new_gap_or_emergency_rejected (test_v04_protocol04.Protocol04Test) ... ok
test_exact_new_jobs_and_inherited_numerical_limits (test_v04_protocol04.Protocol04Test) ... ok
test_fabricated_freeze_and_reset_after_freeze_rejected (test_v04_protocol04.Protocol04Test) ... ok
test_fabricated_ground_or_prearm_heading_rejected (test_v04_protocol04.Protocol04Test) ... ok
test_failed_estimator_and_first_control_call_rejected (test_v04_protocol04.Protocol04Test) ... ok
test_full_chain_rejects_later_reset_wrong_target_and_outside_window (test_v04_protocol04.Protocol04Test) ... ok
test_full_synthetic_heading_height_and_observation_chain (test_v04_protocol04.Protocol04Test) ... ok
test_logged_disabled_samples_keep_publication_but_do_not_integrate (test_v04_protocol04.Protocol04Test) ... ok
test_missing_consumed_position_and_clock_mismatch_reject (test_v04_protocol04.Protocol04Test) ... ok
test_missing_metadata_not_treated_as_zero (test_v04_protocol04.Protocol04Test) ... ok
test_negative_zero_and_wrapped_counter (test_v04_protocol04.Protocol04Test) ... ok
test_no_alignment_no_admission_and_late_flags_fail (test_v04_protocol04.Protocol04Test) ... ok
test_numerical_core_matches_old_enabled_pid_esta_and_rejects_wrong_mode (test_v04_protocol04.Protocol04Test) ... ok
test_pending_does_not_borrow_future_flags (test_v04_protocol04.Protocol04Test) ... ok
test_positive_complete_alignment_and_exact_freeze (test_v04_protocol04.Protocol04Test) ... ok
test_protocol04_batch_six_only_and_exact_parameter_restore (test_v04_protocol04.Protocol04Test) ... ok
test_quiet_break_resets_timer_no_freeze_before_one_second (test_v04_protocol04.Protocol04Test) ... ok
test_raw_missing_samples_and_diagnostic_sequence_fail (test_v04_protocol04.Protocol04Test) ... ok
test_real_failed_run_is_classifiable_but_not_quiet_or_accepted (test_v04_protocol04.Protocol04Test) ... ok
test_real_ulog_chunked_replay_matches_independent_decoder (test_v04_protocol04.Protocol04Test) ... ok
test_second_heading_and_unpaired_quaternion (test_v04_protocol04.Protocol04Test) ... ok
test_shutdown_only_owned_group_and_escalation (test_v04_protocol04.Protocol04Test) ... ok
test_stale_selector_or_periodic_metadata_rejected (test_v04_protocol04.Protocol04Test) ... ok
test_tail_rejects_truncate_dropout_and_bad_header (test_v04_protocol04.Protocol04Test) ... ok
test_wrong_primary_and_return_switch_rejected (test_v04_protocol04.Protocol04Test) ... ok
test_dryrun_and_wrong_token_cannot_launch (test_v04_protocol05.Protocol05Test) ... ok
test_exact_order_and_unchanged_rules (test_v04_protocol05.Protocol05Test) ... ok
test_first_required_failure_stops_no_retry (test_v04_protocol05.Protocol05Test) ... ok
test_isolated_runner_and_analyzer_only_namespace_changes (test_v04_protocol05.Protocol05Test) ... ok
test_only_registration_paths_excluded_from_seed_history (test_v04_protocol05.Protocol05Test) ... ok
test_six_attempts_three_pairs_and_full_restore (test_v04_protocol05.Protocol05Test) ... ok
test_authorized_analyzer_uses_verified_handoff_chain (test_v04_protocol06.Protocol06Test) ... ok
test_dryrun_and_wrong_token_cannot_launch (test_v04_protocol06.Protocol06Test) ... ok
test_exact_order_and_unchanged_rules (test_v04_protocol06.Protocol06Test) ... ok
test_first_required_failure_stops_no_retry (test_v04_protocol06.Protocol06Test) ... ok
test_new_binding_and_old_entry_remains_disabled (test_v04_protocol06.Protocol06Test) ... ok
test_only_handoff_rules_change (test_v04_protocol06.Protocol06Test) ... ok
test_only_registration_paths_excluded_from_seed_history (test_v04_protocol06.Protocol06Test) ... ok
test_six_attempts_three_pairs_and_full_restore (test_v04_protocol06.Protocol06Test) ... ok
test_generated_format_and_first_failure_survive_ulog_decode (test_v04_repair.RepairMessageTest) ... ok
test_actual_world_without_console_world (test_world_v00.WorldTest) ... ok
test_correct_environment_cannot_hide_wrong_argv (test_world_v00.WorldTest) ... ok
test_launcher_session_leader_required (test_world_v00.WorldTest) ... ok
test_live_proc_reader_without_simulator (test_world_v00.WorldTest) ... ok
test_missing_or_multiple_servers_rejected (test_world_v00.WorldTest) ... ok
test_missing_wrong_or_relative_world_argv (test_world_v00.WorldTest) ... ok
test_unrelated_session_rejected (test_world_v00.WorldTest) ... ok
test_wrong_environment_or_master_rejected (test_world_v00.WorldTest) ... ok
test_wrong_process_name_rejected (test_world_v00.WorldTest) ... ok

----------------------------------------------------------------------
Ran 180 tests in 3.549s

OK
